/users/levwidmer/npbench/npbench/infrastructure/framework.py:6: UserWarning: pkg_resources is deprecated as an API. See https://setuptools.pypa.io/en/latest/pkg_resources.html. The pkg_resources package is slated for removal as early as 2025-11-30. Refrain from using this package or pin to Setuptools<81.
  import pkg_resources
WARNING: JAX is not installed. Please install JAX to run benchmarks with the JAX framework.
***** Testing DaCe CPU auto_opt with covariance2 on the paper dataset *****
NumPy - default - validation: 69ms
Failed to load the DaCe implementation.
Traceback (most recent call last):
  File "/users/levwidmer/npbench/run_benchmark.py", line 57, in <module>
    test.run(args["preset"], args["validate"], args["repeat"], args["timeout"])
    ~~~~~~~~^^^^^^^^^^^^^^^^^^^^^^^^^^^^^^^^^^^^^^^^^^^^^^^^^^^^^^^^^^^^^^^^^^^
  File "/users/levwidmer/npbench/npbench/infrastructure/test.py", line 91, in run
    for impl, impl_name in self.frmwrk.implementations(self.bench):
                           ~~~~~~~~~~~~~~~~~~~~~~~~~~~^^^^^^^^^^^^
  File "/users/levwidmer/npbench/npbench/infrastructure/dace_framework.py", line 142, in implementations
    raise (e)
  File "/users/levwidmer/npbench/npbench/infrastructure/dace_framework.py", line 137, in implementations
    module = importlib.import_module(module_str)
  File "/user-environment/linux-neoverse_v2/python-3.14.3-nc4zeaoe75gd75xej7gsuzcmtx4gic6a/lib/python3.14/importlib/__init__.py", line 88, in import_module
    return _bootstrap._gcd_import(name[level:], package, level)
           ~~~~~~~~~~~~~~~~~~~~~~^^^^^^^^^^^^^^^^^^^^^^^^^^^^^^
  File "<frozen importlib._bootstrap>", line 1398, in _gcd_import
  File "<frozen importlib._bootstrap>", line 1371, in _find_and_load
  File "<frozen importlib._bootstrap>", line 1335, in _find_and_load_unlocked
ModuleNotFoundError: No module named 'npbench.benchmarks.polybench.covariance2.covariance2_dace'
