/users/levwidmer/npbench/npbench/infrastructure/framework.py:6: UserWarning: pkg_resources is deprecated as an API. See https://setuptools.pypa.io/en/latest/pkg_resources.html. The pkg_resources package is slated for removal as early as 2025-11-30. Refrain from using this package or pin to Setuptools<81.
  import pkg_resources
WARNING: JAX is not installed. Please install JAX to run benchmarks with the JAX framework.
***** Testing Pluto with adi on the paper dataset *****
NumPy - default - validation: 370ms
Traceback (most recent call last):
  File "/users/levwidmer/npbench/run_benchmark.py", line 57, in <module>
    test.run(args["preset"], args["validate"], args["repeat"], args["timeout"])
    ~~~~~~~~^^^^^^^^^^^^^^^^^^^^^^^^^^^^^^^^^^^^^^^^^^^^^^^^^^^^^^^^^^^^^^^^^^^
  File "/users/levwidmer/npbench/npbench/infrastructure/test.py", line 91, in run
    for impl, impl_name in self.frmwrk.implementations(self.bench):
                           ~~~~~~~~~~~~~~~~~~~~~~~~~~~^^^^^^^^^^^^
  File "/users/levwidmer/npbench/npbench/infrastructure/pluto_framework.py", line 927, in implementations
    run_polycc(source, transformed)
    ~~~~~~~~~~^^^^^^^^^^^^^^^^^^^^^
  File "/users/levwidmer/npbench/npbench/infrastructure/pluto_framework.py", line 791, in run_polycc
    raise PlutoUnavailable("polycc failed on {r}:\n{t}".format(r=reference.name, t="\n".join(tail)))
npbench.infrastructure.pluto_framework.PlutoUnavailable: polycc failed on adi_pluto_reference.c:
[Clan] Error: syntax error at line 33, column 39.
Error extracting polyhedra from source file: '/users/levwidmer/npbench/npbench/benchmarks/polybench/adi/adi_pluto_reference.c'
